.RC=124
